// This file is part of the Jimlab module,
// an external module coded for Scilab and dedicated to image processing.
//
// Copyright (C) 2017 - ENSIM, Université du Maine - Samuel GOUGEON
//
// This file must be used under the terms of the CeCILL.
// This source file is licensed as described in the file COPYING, which you
// should have received as part of this distribution.  The terms are also
// available at http://www.cecill.info/licences/Licence_CeCILL_V2.1-fr.txt
// <-- TEST WITH GRAPHIC -->
// Tests of the %jimage_p() overload
// ----------------------------------
path = jimlabPath("/") + "tests/images/";
// RGB image
image = jimread(path + "lena_color.gif")
 image  = 
Title      : lena_color
Encoding   : rgba
MIME type  : gif
Size       : 510 x 512
Transparent: -1
// RGBA image
image = jimread(path+"noError/rgba.png")
 image  = 
Title      : rgba
Encoding   : rgba
MIME type  : png
Size       : 50 x 50
Transparent: -1
// Gray image
image = jimread(path+"noError/gray.jpg")
 image  = 
Title      : gray
Encoding   : gray
MIME type  : jpg
Size       : 50 x 50
Transparent: -1
